// Jest Snapshot v1, https://goo.gl/fbAQLP

exports[`ios - iPhone X BpkNavigationBar dark mode should render correctly 1`] = `
<View
  style={
    Array [
      Object {
        "backgroundColor": "rgb(29, 27, 32)",
        "flexDirection": "column",
        "paddingHorizontal": 8,
        "shadowColor": null,
        "shadowOffset": Object {
          "height": 1,
          "width": 0,
        },
        "shadowOpacity": 1,
        "shadowRadius": 0,
        "width": "100%",
      },
    ]
  }
>
  <View
    style={
      Array [
        Object {
          "alignItems": "center",
          "flexDirection": "row",
          "height": 64,
          "justifyContent": "space-between",
          "overflow": "visible",
          "paddingTop": 44,
        },
        Object {
          "height": 88,
          "paddingTop": 44,
        },
      ]
    }
  >
    <View
      accessibilityLabel="Back"
      accessibilityRole="button"
      accessible={true}
      focusable={true}
      onClick={[Function]}
      onResponderGrant={[Function]}
      onResponderMove={[Function]}
      onResponderRelease={[Function]}
      onResponderTerminate={[Function]}
      onResponderTerminationRequest={[Function]}
      onStartShouldSetResponder={[Function]}
      style={
        Object {
          "alignItems": "center",
          "flexDirection": "row",
          "height": "100%",
          "opacity": 1,
          "zIndex": 2,
        }
      }
    >
      <Image
        source={1}
        style={
          Array [
            Array [
              Object {
                "marginEnd": 8,
              },
            ],
            Object {
              "tintColor": "rgb(255, 255, 255)",
            },
          ]
        }
      />
      <Text
        allowFontScaling={false}
        style={
          Array [
            Object {
              "color": "rgb(255, 255, 255)",
              "fontFamily": "System",
              "fontSize": 16,
              "fontWeight": "400",
              "letterSpacing": 0.12,
              "textAlign": "left",
            },
            Object {},
            Array [
              Object {
                "color": "rgb(255, 255, 255)",
              },
            ],
          ]
        }
      >
        Back
      </Text>
    </View>
    <View
      style={
        Object {
          "alignItems": "center",
          "bottom": 0,
          "height": 44,
          "justifyContent": "center",
          "left": 0,
          "position": "absolute",
          "right": 0,
          "top": 44,
        }
      }
    >
      <View
        style={
          Array [
            Object {
              "alignItems": "center",
              "flexDirection": "row",
            },
            Object {
              "maxWidth": "60%",
            },
          ]
        }
      >
        <Text
          allowFontScaling={false}
          ellipsizeMode="tail"
          numberOfLines={1}
          style={
            Array [
              Object {
                "color": "rgb(255, 255, 255)",
                "fontFamily": "System",
                "fontSize": 16,
                "fontWeight": "400",
                "letterSpacing": 0.12,
                "textAlign": "left",
              },
              Object {
                "fontWeight": "700",
              },
              Array [
                Object {
                  "color": "rgb(255, 255, 255)",
                },
                null,
              ],
            ]
          }
        >
          Backpack
        </Text>
      </View>
    </View>
  </View>
</View>
`;

exports[`ios - iPhone X BpkNavigationBar dark mode should render correctly with trailing button 1`] = `
<View
  style={
    Array [
      Object {
        "backgroundColor": "rgb(29, 27, 32)",
        "flexDirection": "column",
        "paddingHorizontal": 8,
        "shadowColor": null,
        "shadowOffset": Object {
          "height": 1,
          "width": 0,
        },
        "shadowOpacity": 1,
        "shadowRadius": 0,
        "width": "100%",
      },
    ]
  }
>
  <View
    style={
      Array [
        Object {
          "alignItems": "center",
          "flexDirection": "row",
          "height": 64,
          "justifyContent": "space-between",
          "overflow": "visible",
          "paddingTop": 44,
        },
        Object {
          "height": 88,
          "paddingTop": 44,
        },
      ]
    }
  >
    <View
      accessibilityLabel="Cancel"
      accessibilityRole="button"
      accessible={true}
      focusable={true}
      onClick={[Function]}
      onResponderGrant={[Function]}
      onResponderMove={[Function]}
      onResponderRelease={[Function]}
      onResponderTerminate={[Function]}
      onResponderTerminationRequest={[Function]}
      onStartShouldSetResponder={[Function]}
      style={
        Object {
          "height": "100%",
          "justifyContent": "center",
          "marginStart": 8,
          "opacity": 1,
          "zIndex": 2,
        }
      }
    >
      <Text
        allowFontScaling={false}
        style={
          Array [
            Object {
              "color": "rgb(255, 255, 255)",
              "fontFamily": "System",
              "fontSize": 16,
              "fontWeight": "400",
              "letterSpacing": 0.12,
              "textAlign": "left",
            },
            Object {},
            Array [
              Object {
                "color": "rgb(255, 255, 255)",
              },
            ],
          ]
        }
      >
        Cancel
      </Text>
    </View>
    <View
      style={
        Object {
          "alignItems": "center",
          "bottom": 0,
          "height": 44,
          "justifyContent": "center",
          "left": 0,
          "position": "absolute",
          "right": 0,
          "top": 44,
        }
      }
    >
      <View
        style={
          Array [
            Object {
              "alignItems": "center",
              "flexDirection": "row",
            },
            Object {
              "maxWidth": "60%",
            },
          ]
        }
      >
        <Text
          allowFontScaling={false}
          ellipsizeMode="tail"
          numberOfLines={1}
          style={
            Array [
              Object {
                "color": "rgb(255, 255, 255)",
                "fontFamily": "System",
                "fontSize": 16,
                "fontWeight": "400",
                "letterSpacing": 0.12,
                "textAlign": "left",
              },
              Object {
                "fontWeight": "700",
              },
              Array [
                Object {
                  "color": "rgb(255, 255, 255)",
                },
                null,
              ],
            ]
          }
        >
          Backpack
        </Text>
      </View>
    </View>
    <View
      accessibilityLabel="Done"
      accessibilityRole="button"
      accessible={true}
      focusable={true}
      onClick={[Function]}
      onResponderGrant={[Function]}
      onResponderMove={[Function]}
      onResponderRelease={[Function]}
      onResponderTerminate={[Function]}
      onResponderTerminationRequest={[Function]}
      onStartShouldSetResponder={[Function]}
      style={
        Object {
          "height": "100%",
          "justifyContent": "center",
          "marginEnd": 8,
          "opacity": 1,
          "zIndex": 2,
        }
      }
    >
      <Text
        allowFontScaling={false}
        style={
          Array [
            Object {
              "color": "rgb(255, 255, 255)",
              "fontFamily": "System",
              "fontSize": 16,
              "fontWeight": "400",
              "letterSpacing": 0.12,
              "textAlign": "left",
            },
            Object {
              "fontWeight": "700",
            },
            Array [
              Object {
                "color": "rgb(255, 255, 255)",
              },
            ],
          ]
        }
      >
        Done
      </Text>
    </View>
  </View>
</View>
`;

exports[`ios - iPhone X BpkNavigationBar light mode should render correctly 1`] = `
<View
  style={
    Array [
      Object {
        "backgroundColor": "rgb(241, 242, 248)",
        "flexDirection": "column",
        "paddingHorizontal": 8,
        "shadowColor": "rgb(221, 221, 229)",
        "shadowOffset": Object {
          "height": 1,
          "width": 0,
        },
        "shadowOpacity": 1,
        "shadowRadius": 0,
        "width": "100%",
      },
    ]
  }
>
  <View
    style={
      Array [
        Object {
          "alignItems": "center",
          "flexDirection": "row",
          "height": 64,
          "justifyContent": "space-between",
          "overflow": "visible",
          "paddingTop": 44,
        },
        Object {
          "height": 88,
          "paddingTop": 44,
        },
      ]
    }
  >
    <View
      accessibilityLabel="Back"
      accessibilityRole="button"
      accessible={true}
      focusable={true}
      onClick={[Function]}
      onResponderGrant={[Function]}
      onResponderMove={[Function]}
      onResponderRelease={[Function]}
      onResponderTerminate={[Function]}
      onResponderTerminationRequest={[Function]}
      onStartShouldSetResponder={[Function]}
      style={
        Object {
          "alignItems": "center",
          "flexDirection": "row",
          "height": "100%",
          "opacity": 1,
          "zIndex": 2,
        }
      }
    >
      <Image
        source={1}
        style={
          Array [
            Array [
              Object {
                "marginEnd": 8,
              },
            ],
            Object {
              "tintColor": "rgb(17, 18, 54)",
            },
          ]
        }
      />
      <Text
        allowFontScaling={false}
        style={
          Array [
            Object {
              "color": "rgb(17, 18, 54)",
              "fontFamily": "System",
              "fontSize": 16,
              "fontWeight": "400",
              "letterSpacing": 0.12,
              "textAlign": "left",
            },
            Object {},
            Array [
              Object {
                "color": "rgb(17, 18, 54)",
              },
            ],
          ]
        }
      >
        Back
      </Text>
    </View>
    <View
      style={
        Object {
          "alignItems": "center",
          "bottom": 0,
          "height": 44,
          "justifyContent": "center",
          "left": 0,
          "position": "absolute",
          "right": 0,
          "top": 44,
        }
      }
    >
      <View
        style={
          Array [
            Object {
              "alignItems": "center",
              "flexDirection": "row",
            },
            Object {
              "maxWidth": "60%",
            },
          ]
        }
      >
        <Text
          allowFontScaling={false}
          ellipsizeMode="tail"
          numberOfLines={1}
          style={
            Array [
              Object {
                "color": "rgb(17, 18, 54)",
                "fontFamily": "System",
                "fontSize": 16,
                "fontWeight": "400",
                "letterSpacing": 0.12,
                "textAlign": "left",
              },
              Object {
                "fontWeight": "700",
              },
              Array [
                Object {
                  "color": "rgb(17, 18, 54)",
                },
                null,
              ],
            ]
          }
        >
          Backpack
        </Text>
      </View>
    </View>
  </View>
</View>
`;

exports[`ios - iPhone X BpkNavigationBar light mode should render correctly with trailing button 1`] = `
<View
  style={
    Array [
      Object {
        "backgroundColor": "rgb(241, 242, 248)",
        "flexDirection": "column",
        "paddingHorizontal": 8,
        "shadowColor": "rgb(221, 221, 229)",
        "shadowOffset": Object {
          "height": 1,
          "width": 0,
        },
        "shadowOpacity": 1,
        "shadowRadius": 0,
        "width": "100%",
      },
    ]
  }
>
  <View
    style={
      Array [
        Object {
          "alignItems": "center",
          "flexDirection": "row",
          "height": 64,
          "justifyContent": "space-between",
          "overflow": "visible",
          "paddingTop": 44,
        },
        Object {
          "height": 88,
          "paddingTop": 44,
        },
      ]
    }
  >
    <View
      accessibilityLabel="Cancel"
      accessibilityRole="button"
      accessible={true}
      focusable={true}
      onClick={[Function]}
      onResponderGrant={[Function]}
      onResponderMove={[Function]}
      onResponderRelease={[Function]}
      onResponderTerminate={[Function]}
      onResponderTerminationRequest={[Function]}
      onStartShouldSetResponder={[Function]}
      style={
        Object {
          "height": "100%",
          "justifyContent": "center",
          "marginStart": 8,
          "opacity": 1,
          "zIndex": 2,
        }
      }
    >
      <Text
        allowFontScaling={false}
        style={
          Array [
            Object {
              "color": "rgb(17, 18, 54)",
              "fontFamily": "System",
              "fontSize": 16,
              "fontWeight": "400",
              "letterSpacing": 0.12,
              "textAlign": "left",
            },
            Object {},
            Array [
              Object {
                "color": "rgb(17, 18, 54)",
              },
            ],
          ]
        }
      >
        Cancel
      </Text>
    </View>
    <View
      style={
        Object {
          "alignItems": "center",
          "bottom": 0,
          "height": 44,
          "justifyContent": "center",
          "left": 0,
          "position": "absolute",
          "right": 0,
          "top": 44,
        }
      }
    >
      <View
        style={
          Array [
            Object {
              "alignItems": "center",
              "flexDirection": "row",
            },
            Object {
              "maxWidth": "60%",
            },
          ]
        }
      >
        <Text
          allowFontScaling={false}
          ellipsizeMode="tail"
          numberOfLines={1}
          style={
            Array [
              Object {
                "color": "rgb(17, 18, 54)",
                "fontFamily": "System",
                "fontSize": 16,
                "fontWeight": "400",
                "letterSpacing": 0.12,
                "textAlign": "left",
              },
              Object {
                "fontWeight": "700",
              },
              Array [
                Object {
                  "color": "rgb(17, 18, 54)",
                },
                null,
              ],
            ]
          }
        >
          Backpack
        </Text>
      </View>
    </View>
    <View
      accessibilityLabel="Done"
      accessibilityRole="button"
      accessible={true}
      focusable={true}
      onClick={[Function]}
      onResponderGrant={[Function]}
      onResponderMove={[Function]}
      onResponderRelease={[Function]}
      onResponderTerminate={[Function]}
      onResponderTerminationRequest={[Function]}
      onStartShouldSetResponder={[Function]}
      style={
        Object {
          "height": "100%",
          "justifyContent": "center",
          "marginEnd": 8,
          "opacity": 1,
          "zIndex": 2,
        }
      }
    >
      <Text
        allowFontScaling={false}
        style={
          Array [
            Object {
              "color": "rgb(17, 18, 54)",
              "fontFamily": "System",
              "fontSize": 16,
              "fontWeight": "400",
              "letterSpacing": 0.12,
              "textAlign": "left",
            },
            Object {
              "fontWeight": "700",
            },
            Array [
              Object {
                "color": "rgb(17, 18, 54)",
              },
            ],
          ]
        }
      >
        Done
      </Text>
    </View>
  </View>
</View>
`;
