// Jest Snapshot v1, https://goo.gl/fbAQLP

exports[`iOS BpkNavigationBarIconButtonIOS dark mode should render correctly 1`] = `
<View
  accessibilityLabel="Edit"
  accessibilityRole="button"
  accessible={true}
  focusable={true}
  onClick={[Function]}
  onResponderGrant={[Function]}
  onResponderMove={[Function]}
  onResponderRelease={[Function]}
  onResponderTerminate={[Function]}
  onResponderTerminationRequest={[Function]}
  onStartShouldSetResponder={[Function]}
  style={
    Object {
      "height": "100%",
      "justifyContent": "center",
      "marginEnd": 3,
      "opacity": 1,
      "zIndex": 2,
    }
  }
>
  <Text
    allowFontScaling={false}
    style={
      Array [
        Object {
          "color": "rgb(255, 255, 255)",
          "fontFamily": "BpkIcon",
          "fontSize": 24,
          "includeFontPadding": false,
        },
        Array [
          Object {
            "fontSize": 28,
            "lineHeight": 28,
          },
          Object {
            "color": "rgb(255, 255, 255)",
          },
        ],
      ]
    }
  >
    
  </Text>
</View>
`;

exports[`iOS BpkNavigationBarIconButtonIOS dark mode should render correctly disabled 1`] = `
<View
  accessibilityLabel="Close"
  accessibilityRole="button"
  accessible={true}
  focusable={true}
  onClick={[Function]}
  onResponderGrant={[Function]}
  onResponderMove={[Function]}
  onResponderRelease={[Function]}
  onResponderTerminate={[Function]}
  onResponderTerminationRequest={[Function]}
  onStartShouldSetResponder={[Function]}
  style={
    Object {
      "height": "100%",
      "justifyContent": "center",
      "marginStart": 3,
      "opacity": 1,
      "zIndex": 2,
    }
  }
>
  <Text
    allowFontScaling={false}
    style={
      Array [
        Object {
          "color": "rgb(255, 255, 255)",
          "fontFamily": "BpkIcon",
          "fontSize": 24,
          "includeFontPadding": false,
        },
        Array [
          Object {
            "fontSize": 28,
            "lineHeight": 28,
          },
          Object {
            "color": "rgb(178, 178, 191)",
          },
        ],
      ]
    }
  >
    
  </Text>
</View>
`;

exports[`iOS BpkNavigationBarIconButtonIOS dark mode should render correctly leading configuration 1`] = `
<View
  accessibilityLabel="Close"
  accessibilityRole="button"
  accessible={true}
  focusable={true}
  onClick={[Function]}
  onResponderGrant={[Function]}
  onResponderMove={[Function]}
  onResponderRelease={[Function]}
  onResponderTerminate={[Function]}
  onResponderTerminationRequest={[Function]}
  onStartShouldSetResponder={[Function]}
  style={
    Object {
      "height": "100%",
      "justifyContent": "center",
      "marginStart": 3,
      "opacity": 1,
      "zIndex": 2,
    }
  }
>
  <Text
    allowFontScaling={false}
    style={
      Array [
        Object {
          "color": "rgb(255, 255, 255)",
          "fontFamily": "BpkIcon",
          "fontSize": 24,
          "includeFontPadding": false,
        },
        Array [
          Object {
            "fontSize": 28,
            "lineHeight": 28,
          },
          Object {
            "color": "rgb(255, 255, 255)",
          },
        ],
      ]
    }
  >
    
  </Text>
</View>
`;

exports[`iOS BpkNavigationBarIconButtonIOS dark mode should resepect "disabledTintColor" 1`] = `
<View
  accessibilityLabel="Done"
  accessibilityRole="button"
  accessible={true}
  focusable={true}
  onClick={[Function]}
  onResponderGrant={[Function]}
  onResponderMove={[Function]}
  onResponderRelease={[Function]}
  onResponderTerminate={[Function]}
  onResponderTerminationRequest={[Function]}
  onStartShouldSetResponder={[Function]}
  style={
    Object {
      "height": "100%",
      "justifyContent": "center",
      "marginEnd": 3,
      "opacity": 1,
      "zIndex": 2,
    }
  }
>
  <Text
    allowFontScaling={false}
    style={
      Array [
        Object {
          "color": "rgb(255, 255, 255)",
          "fontFamily": "BpkIcon",
          "fontSize": 24,
          "includeFontPadding": false,
        },
        Array [
          Object {
            "fontSize": 28,
            "lineHeight": 28,
          },
          Object {
            "color": "red",
          },
        ],
      ]
    }
  >
    
  </Text>
</View>
`;

exports[`iOS BpkNavigationBarIconButtonIOS dark mode should resepect "tintColor" 1`] = `
<View
  accessibilityLabel="Done"
  accessibilityRole="button"
  accessible={true}
  focusable={true}
  onClick={[Function]}
  onResponderGrant={[Function]}
  onResponderMove={[Function]}
  onResponderRelease={[Function]}
  onResponderTerminate={[Function]}
  onResponderTerminationRequest={[Function]}
  onStartShouldSetResponder={[Function]}
  style={
    Object {
      "height": "100%",
      "justifyContent": "center",
      "marginEnd": 3,
      "opacity": 1,
      "zIndex": 2,
    }
  }
>
  <Text
    allowFontScaling={false}
    style={
      Array [
        Object {
          "color": "rgb(255, 255, 255)",
          "fontFamily": "BpkIcon",
          "fontSize": 24,
          "includeFontPadding": false,
        },
        Array [
          Object {
            "fontSize": 28,
            "lineHeight": 28,
          },
          Object {
            "color": "red",
          },
        ],
      ]
    }
  >
    
  </Text>
</View>
`;

exports[`iOS BpkNavigationBarIconButtonIOS light mode should render correctly 1`] = `
<View
  accessibilityLabel="Edit"
  accessibilityRole="button"
  accessible={true}
  focusable={true}
  onClick={[Function]}
  onResponderGrant={[Function]}
  onResponderMove={[Function]}
  onResponderRelease={[Function]}
  onResponderTerminate={[Function]}
  onResponderTerminationRequest={[Function]}
  onStartShouldSetResponder={[Function]}
  style={
    Object {
      "height": "100%",
      "justifyContent": "center",
      "marginEnd": 3,
      "opacity": 1,
      "zIndex": 2,
    }
  }
>
  <Text
    allowFontScaling={false}
    style={
      Array [
        Object {
          "color": "rgb(17, 18, 54)",
          "fontFamily": "BpkIcon",
          "fontSize": 24,
          "includeFontPadding": false,
        },
        Array [
          Object {
            "fontSize": 28,
            "lineHeight": 28,
          },
          Object {
            "color": "rgb(17, 18, 54)",
          },
        ],
      ]
    }
  >
    
  </Text>
</View>
`;

exports[`iOS BpkNavigationBarIconButtonIOS light mode should render correctly disabled 1`] = `
<View
  accessibilityLabel="Close"
  accessibilityRole="button"
  accessible={true}
  focusable={true}
  onClick={[Function]}
  onResponderGrant={[Function]}
  onResponderMove={[Function]}
  onResponderRelease={[Function]}
  onResponderTerminate={[Function]}
  onResponderTerminationRequest={[Function]}
  onStartShouldSetResponder={[Function]}
  style={
    Object {
      "height": "100%",
      "justifyContent": "center",
      "marginStart": 3,
      "opacity": 1,
      "zIndex": 2,
    }
  }
>
  <Text
    allowFontScaling={false}
    style={
      Array [
        Object {
          "color": "rgb(17, 18, 54)",
          "fontFamily": "BpkIcon",
          "fontSize": 24,
          "includeFontPadding": false,
        },
        Array [
          Object {
            "fontSize": 28,
            "lineHeight": 28,
          },
          Object {
            "color": "rgb(178, 178, 191)",
          },
        ],
      ]
    }
  >
    
  </Text>
</View>
`;

exports[`iOS BpkNavigationBarIconButtonIOS light mode should render correctly leading configuration 1`] = `
<View
  accessibilityLabel="Close"
  accessibilityRole="button"
  accessible={true}
  focusable={true}
  onClick={[Function]}
  onResponderGrant={[Function]}
  onResponderMove={[Function]}
  onResponderRelease={[Function]}
  onResponderTerminate={[Function]}
  onResponderTerminationRequest={[Function]}
  onStartShouldSetResponder={[Function]}
  style={
    Object {
      "height": "100%",
      "justifyContent": "center",
      "marginStart": 3,
      "opacity": 1,
      "zIndex": 2,
    }
  }
>
  <Text
    allowFontScaling={false}
    style={
      Array [
        Object {
          "color": "rgb(17, 18, 54)",
          "fontFamily": "BpkIcon",
          "fontSize": 24,
          "includeFontPadding": false,
        },
        Array [
          Object {
            "fontSize": 28,
            "lineHeight": 28,
          },
          Object {
            "color": "rgb(17, 18, 54)",
          },
        ],
      ]
    }
  >
    
  </Text>
</View>
`;

exports[`iOS BpkNavigationBarIconButtonIOS light mode should resepect "disabledTintColor" 1`] = `
<View
  accessibilityLabel="Done"
  accessibilityRole="button"
  accessible={true}
  focusable={true}
  onClick={[Function]}
  onResponderGrant={[Function]}
  onResponderMove={[Function]}
  onResponderRelease={[Function]}
  onResponderTerminate={[Function]}
  onResponderTerminationRequest={[Function]}
  onStartShouldSetResponder={[Function]}
  style={
    Object {
      "height": "100%",
      "justifyContent": "center",
      "marginEnd": 3,
      "opacity": 1,
      "zIndex": 2,
    }
  }
>
  <Text
    allowFontScaling={false}
    style={
      Array [
        Object {
          "color": "rgb(17, 18, 54)",
          "fontFamily": "BpkIcon",
          "fontSize": 24,
          "includeFontPadding": false,
        },
        Array [
          Object {
            "fontSize": 28,
            "lineHeight": 28,
          },
          Object {
            "color": "red",
          },
        ],
      ]
    }
  >
    
  </Text>
</View>
`;

exports[`iOS BpkNavigationBarIconButtonIOS light mode should resepect "tintColor" 1`] = `
<View
  accessibilityLabel="Done"
  accessibilityRole="button"
  accessible={true}
  focusable={true}
  onClick={[Function]}
  onResponderGrant={[Function]}
  onResponderMove={[Function]}
  onResponderRelease={[Function]}
  onResponderTerminate={[Function]}
  onResponderTerminationRequest={[Function]}
  onStartShouldSetResponder={[Function]}
  style={
    Object {
      "height": "100%",
      "justifyContent": "center",
      "marginEnd": 3,
      "opacity": 1,
      "zIndex": 2,
    }
  }
>
  <Text
    allowFontScaling={false}
    style={
      Array [
        Object {
          "color": "rgb(17, 18, 54)",
          "fontFamily": "BpkIcon",
          "fontSize": 24,
          "includeFontPadding": false,
        },
        Array [
          Object {
            "fontSize": 28,
            "lineHeight": 28,
          },
          Object {
            "color": "red",
          },
        ],
      ]
    }
  >
    
  </Text>
</View>
`;

exports[`iOS BpkNavigationBarIconButtonIOS should forward custom props 1`] = `
<View
  accessibilityLabel="Edit"
  accessibilityRole="button"
  accessible={true}
  focusable={true}
  onClick={[Function]}
  onResponderGrant={[Function]}
  onResponderMove={[Function]}
  onResponderRelease={[Function]}
  onResponderTerminate={[Function]}
  onResponderTerminationRequest={[Function]}
  onStartShouldSetResponder={[Function]}
  style={
    Object {
      "height": "100%",
      "justifyContent": "center",
      "marginEnd": 3,
      "opacity": 1,
      "zIndex": 2,
    }
  }
  testID="testID"
>
  <Text
    allowFontScaling={false}
    style={
      Array [
        Object {
          "color": "rgb(17, 18, 54)",
          "fontFamily": "BpkIcon",
          "fontSize": 24,
          "includeFontPadding": false,
        },
        Array [
          Object {
            "fontSize": 28,
            "lineHeight": 28,
          },
          Object {
            "color": "rgb(17, 18, 54)",
          },
        ],
      ]
    }
  >
    
  </Text>
</View>
`;
