// Jest Snapshot v1, https://goo.gl/fbAQLP

exports[`Android BpkPicker dark mode should render correctly 1`] = `
<Modal
  animationType="fade"
  hardwareAccelerated={false}
  onRequestClose={[Function]}
  onShow={[Function]}
  transparent={true}
  visible={false}
>
  <View
    accessible={true}
    focusable={true}
    onClick={[Function]}
    onResponderGrant={[Function]}
    onResponderMove={[Function]}
    onResponderRelease={[Function]}
    onResponderTerminate={[Function]}
    onResponderTerminationRequest={[Function]}
    onStartShouldSetResponder={[Function]}
    style={
      Object {
        "backgroundColor": "rgba(0, 0, 0, 0.6)",
        "height": "100%",
        "left": 0,
        "position": "absolute",
        "top": 0,
        "width": "100%",
      }
    }
  />
  <View
    style={
      Object {
        "alignItems": "center",
        "flexDirection": "row",
        "height": "100%",
        "justifyContent": "center",
        "padding": 16,
        "width": "100%",
      }
    }
  >
    <RCTScrollView
      data={
        Array [
          Object {
            "index": 0,
            "label": "foo",
            "selected": false,
            "value": "foo",
          },
          Object {
            "index": 1,
            "label": "bar",
            "selected": false,
            "value": "bar",
          },
        ]
      }
      disableVirtualization={false}
      getItem={[Function]}
      getItemCount={[Function]}
      getItemLayout={[Function]}
      horizontal={false}
      initialNumToRender={6}
      initialScrollIndex={0}
      keyExtractor={[Function]}
      maxToRenderPerBatch={10}
      onContentSizeChange={[Function]}
      onEndReachedThreshold={2}
      onLayout={[Function]}
      onMomentumScrollEnd={[Function]}
      onScroll={[Function]}
      onScrollBeginDrag={[Function]}
      onScrollEndDrag={[Function]}
      removeClippedSubviews={true}
      renderItem={[Function]}
      scrollEventThrottle={50}
      stickyHeaderIndices={Array []}
      style={
        Array [
          Object {
            "backgroundColor": "rgb(44, 44, 46)",
            "borderRadius": 4,
            "elevation": 0,
          },
          Object {
            "maxHeight": 102,
          },
        ]
      }
      updateCellsBatchingPeriod={50}
      viewabilityConfigCallbackPairs={Array []}
      windowSize={21}
    >
      <View>
        <View
          style={null}
        >
          <View
            accessibilityLabel="foo"
            accessibilityRole="button"
            accessible={true}
            focusable={true}
            nativeBackgroundAndroid={
              Object {
                "borderless": false,
                "color": -9934465,
                "rippleRadius": undefined,
                "type": "RippleAndroid",
              }
            }
            onClick={[Function]}
            onResponderGrant={[Function]}
            onResponderMove={[Function]}
            onResponderRelease={[Function]}
            onResponderTerminate={[Function]}
            onResponderTerminationRequest={[Function]}
            onStartShouldSetResponder={[Function]}
            style={
              Object {
                "padding": 16,
              }
            }
          >
            <Text
              allowFontScaling={false}
              style={
                Array [
                  Object {
                    "color": "rgb(255, 255, 255)",
                    "fontFamily": "sans-serif",
                    "fontSize": 16,
                    "fontWeight": "400",
                    "letterSpacing": -0.2,
                    "textAlign": "left",
                  },
                  Object {},
                  Object {},
                ]
              }
            >
              foo
            </Text>
          </View>
        </View>
        <View
          style={null}
        >
          <View
            accessibilityLabel="bar"
            accessibilityRole="button"
            accessible={true}
            focusable={true}
            nativeBackgroundAndroid={
              Object {
                "borderless": false,
                "color": -9934465,
                "rippleRadius": undefined,
                "type": "RippleAndroid",
              }
            }
            onClick={[Function]}
            onResponderGrant={[Function]}
            onResponderMove={[Function]}
            onResponderRelease={[Function]}
            onResponderTerminate={[Function]}
            onResponderTerminationRequest={[Function]}
            onStartShouldSetResponder={[Function]}
            style={
              Object {
                "padding": 16,
              }
            }
          >
            <Text
              allowFontScaling={false}
              style={
                Array [
                  Object {
                    "color": "rgb(255, 255, 255)",
                    "fontFamily": "sans-serif",
                    "fontSize": 16,
                    "fontWeight": "400",
                    "letterSpacing": -0.2,
                    "textAlign": "left",
                  },
                  Object {},
                  Object {},
                ]
              }
            >
              bar
            </Text>
          </View>
        </View>
      </View>
    </RCTScrollView>
  </View>
</Modal>
`;

exports[`Android BpkPicker dark mode should render correctly with a selected value 1`] = `
<Modal
  animationType="fade"
  hardwareAccelerated={false}
  onRequestClose={[Function]}
  onShow={[Function]}
  transparent={true}
  visible={false}
>
  <View
    accessible={true}
    focusable={true}
    onClick={[Function]}
    onResponderGrant={[Function]}
    onResponderMove={[Function]}
    onResponderRelease={[Function]}
    onResponderTerminate={[Function]}
    onResponderTerminationRequest={[Function]}
    onStartShouldSetResponder={[Function]}
    style={
      Object {
        "backgroundColor": "rgba(0, 0, 0, 0.6)",
        "height": "100%",
        "left": 0,
        "position": "absolute",
        "top": 0,
        "width": "100%",
      }
    }
  />
  <View
    style={
      Object {
        "alignItems": "center",
        "flexDirection": "row",
        "height": "100%",
        "justifyContent": "center",
        "padding": 16,
        "width": "100%",
      }
    }
  >
    <RCTScrollView
      data={
        Array [
          Object {
            "index": 0,
            "label": "foo",
            "selected": true,
            "value": "foo",
          },
          Object {
            "index": 1,
            "label": "bar",
            "selected": false,
            "value": "bar",
          },
        ]
      }
      disableVirtualization={false}
      getItem={[Function]}
      getItemCount={[Function]}
      getItemLayout={[Function]}
      horizontal={false}
      initialNumToRender={6}
      initialScrollIndex={0}
      keyExtractor={[Function]}
      maxToRenderPerBatch={10}
      onContentSizeChange={[Function]}
      onEndReachedThreshold={2}
      onLayout={[Function]}
      onMomentumScrollEnd={[Function]}
      onScroll={[Function]}
      onScrollBeginDrag={[Function]}
      onScrollEndDrag={[Function]}
      removeClippedSubviews={true}
      renderItem={[Function]}
      scrollEventThrottle={50}
      stickyHeaderIndices={Array []}
      style={
        Array [
          Object {
            "backgroundColor": "rgb(44, 44, 46)",
            "borderRadius": 4,
            "elevation": 0,
          },
          Object {
            "maxHeight": 102,
          },
        ]
      }
      updateCellsBatchingPeriod={50}
      viewabilityConfigCallbackPairs={Array []}
      windowSize={21}
    >
      <View>
        <View
          style={null}
        >
          <View
            accessibilityLabel="foo"
            accessibilityRole="button"
            accessible={true}
            focusable={true}
            nativeBackgroundAndroid={
              Object {
                "borderless": false,
                "color": -9934465,
                "rippleRadius": undefined,
                "type": "RippleAndroid",
              }
            }
            onClick={[Function]}
            onResponderGrant={[Function]}
            onResponderMove={[Function]}
            onResponderRelease={[Function]}
            onResponderTerminate={[Function]}
            onResponderTerminationRequest={[Function]}
            onStartShouldSetResponder={[Function]}
            style={
              Object {
                "padding": 16,
              }
            }
          >
            <Text
              allowFontScaling={false}
              style={
                Array [
                  Object {
                    "color": "rgb(255, 255, 255)",
                    "fontFamily": "sans-serif",
                    "fontSize": 16,
                    "fontWeight": "400",
                    "letterSpacing": -0.2,
                    "textAlign": "left",
                  },
                  Object {},
                  Object {
                    "color": "rgb(109, 159, 235)",
                  },
                ]
              }
            >
              foo
            </Text>
          </View>
        </View>
        <View
          style={null}
        >
          <View
            accessibilityLabel="bar"
            accessibilityRole="button"
            accessible={true}
            focusable={true}
            nativeBackgroundAndroid={
              Object {
                "borderless": false,
                "color": -9934465,
                "rippleRadius": undefined,
                "type": "RippleAndroid",
              }
            }
            onClick={[Function]}
            onResponderGrant={[Function]}
            onResponderMove={[Function]}
            onResponderRelease={[Function]}
            onResponderTerminate={[Function]}
            onResponderTerminationRequest={[Function]}
            onStartShouldSetResponder={[Function]}
            style={
              Object {
                "padding": 16,
              }
            }
          >
            <Text
              allowFontScaling={false}
              style={
                Array [
                  Object {
                    "color": "rgb(255, 255, 255)",
                    "fontFamily": "sans-serif",
                    "fontSize": 16,
                    "fontWeight": "400",
                    "letterSpacing": -0.2,
                    "textAlign": "left",
                  },
                  Object {},
                  Object {},
                ]
              }
            >
              bar
            </Text>
          </View>
        </View>
      </View>
    </RCTScrollView>
  </View>
</Modal>
`;

exports[`Android BpkPicker light mode should render correctly 1`] = `
<Modal
  animationType="fade"
  hardwareAccelerated={false}
  onRequestClose={[Function]}
  onShow={[Function]}
  transparent={true}
  visible={false}
>
  <View
    accessible={true}
    focusable={true}
    onClick={[Function]}
    onResponderGrant={[Function]}
    onResponderMove={[Function]}
    onResponderRelease={[Function]}
    onResponderTerminate={[Function]}
    onResponderTerminationRequest={[Function]}
    onStartShouldSetResponder={[Function]}
    style={
      Object {
        "backgroundColor": "rgba(0, 0, 0, 0.6)",
        "height": "100%",
        "left": 0,
        "position": "absolute",
        "top": 0,
        "width": "100%",
      }
    }
  />
  <View
    style={
      Object {
        "alignItems": "center",
        "flexDirection": "row",
        "height": "100%",
        "justifyContent": "center",
        "padding": 16,
        "width": "100%",
      }
    }
  >
    <RCTScrollView
      data={
        Array [
          Object {
            "index": 0,
            "label": "foo",
            "selected": false,
            "value": "foo",
          },
          Object {
            "index": 1,
            "label": "bar",
            "selected": false,
            "value": "bar",
          },
        ]
      }
      disableVirtualization={false}
      getItem={[Function]}
      getItemCount={[Function]}
      getItemLayout={[Function]}
      horizontal={false}
      initialNumToRender={6}
      initialScrollIndex={0}
      keyExtractor={[Function]}
      maxToRenderPerBatch={10}
      onContentSizeChange={[Function]}
      onEndReachedThreshold={2}
      onLayout={[Function]}
      onMomentumScrollEnd={[Function]}
      onScroll={[Function]}
      onScrollBeginDrag={[Function]}
      onScrollEndDrag={[Function]}
      removeClippedSubviews={true}
      renderItem={[Function]}
      scrollEventThrottle={50}
      stickyHeaderIndices={Array []}
      style={
        Array [
          Object {
            "backgroundColor": "rgb(255, 255, 255)",
            "borderRadius": 4,
            "elevation": 5,
          },
          Object {
            "maxHeight": 102,
          },
        ]
      }
      updateCellsBatchingPeriod={50}
      viewabilityConfigCallbackPairs={Array []}
      windowSize={21}
    >
      <View>
        <View
          style={null}
        >
          <View
            accessibilityLabel="foo"
            accessibilityRole="button"
            accessible={true}
            focusable={true}
            nativeBackgroundAndroid={
              Object {
                "borderless": false,
                "color": null,
                "rippleRadius": undefined,
                "type": "RippleAndroid",
              }
            }
            onClick={[Function]}
            onResponderGrant={[Function]}
            onResponderMove={[Function]}
            onResponderRelease={[Function]}
            onResponderTerminate={[Function]}
            onResponderTerminationRequest={[Function]}
            onStartShouldSetResponder={[Function]}
            style={
              Object {
                "padding": 16,
              }
            }
          >
            <Text
              allowFontScaling={false}
              style={
                Array [
                  Object {
                    "color": "rgb(17, 18, 54)",
                    "fontFamily": "sans-serif",
                    "fontSize": 16,
                    "fontWeight": "400",
                    "letterSpacing": -0.2,
                    "textAlign": "left",
                  },
                  Object {},
                  Object {},
                ]
              }
            >
              foo
            </Text>
          </View>
        </View>
        <View
          style={null}
        >
          <View
            accessibilityLabel="bar"
            accessibilityRole="button"
            accessible={true}
            focusable={true}
            nativeBackgroundAndroid={
              Object {
                "borderless": false,
                "color": null,
                "rippleRadius": undefined,
                "type": "RippleAndroid",
              }
            }
            onClick={[Function]}
            onResponderGrant={[Function]}
            onResponderMove={[Function]}
            onResponderRelease={[Function]}
            onResponderTerminate={[Function]}
            onResponderTerminationRequest={[Function]}
            onStartShouldSetResponder={[Function]}
            style={
              Object {
                "padding": 16,
              }
            }
          >
            <Text
              allowFontScaling={false}
              style={
                Array [
                  Object {
                    "color": "rgb(17, 18, 54)",
                    "fontFamily": "sans-serif",
                    "fontSize": 16,
                    "fontWeight": "400",
                    "letterSpacing": -0.2,
                    "textAlign": "left",
                  },
                  Object {},
                  Object {},
                ]
              }
            >
              bar
            </Text>
          </View>
        </View>
      </View>
    </RCTScrollView>
  </View>
</Modal>
`;

exports[`Android BpkPicker light mode should render correctly with a selected value 1`] = `
<Modal
  animationType="fade"
  hardwareAccelerated={false}
  onRequestClose={[Function]}
  onShow={[Function]}
  transparent={true}
  visible={false}
>
  <View
    accessible={true}
    focusable={true}
    onClick={[Function]}
    onResponderGrant={[Function]}
    onResponderMove={[Function]}
    onResponderRelease={[Function]}
    onResponderTerminate={[Function]}
    onResponderTerminationRequest={[Function]}
    onStartShouldSetResponder={[Function]}
    style={
      Object {
        "backgroundColor": "rgba(0, 0, 0, 0.6)",
        "height": "100%",
        "left": 0,
        "position": "absolute",
        "top": 0,
        "width": "100%",
      }
    }
  />
  <View
    style={
      Object {
        "alignItems": "center",
        "flexDirection": "row",
        "height": "100%",
        "justifyContent": "center",
        "padding": 16,
        "width": "100%",
      }
    }
  >
    <RCTScrollView
      data={
        Array [
          Object {
            "index": 0,
            "label": "foo",
            "selected": true,
            "value": "foo",
          },
          Object {
            "index": 1,
            "label": "bar",
            "selected": false,
            "value": "bar",
          },
        ]
      }
      disableVirtualization={false}
      getItem={[Function]}
      getItemCount={[Function]}
      getItemLayout={[Function]}
      horizontal={false}
      initialNumToRender={6}
      initialScrollIndex={0}
      keyExtractor={[Function]}
      maxToRenderPerBatch={10}
      onContentSizeChange={[Function]}
      onEndReachedThreshold={2}
      onLayout={[Function]}
      onMomentumScrollEnd={[Function]}
      onScroll={[Function]}
      onScrollBeginDrag={[Function]}
      onScrollEndDrag={[Function]}
      removeClippedSubviews={true}
      renderItem={[Function]}
      scrollEventThrottle={50}
      stickyHeaderIndices={Array []}
      style={
        Array [
          Object {
            "backgroundColor": "rgb(255, 255, 255)",
            "borderRadius": 4,
            "elevation": 5,
          },
          Object {
            "maxHeight": 102,
          },
        ]
      }
      updateCellsBatchingPeriod={50}
      viewabilityConfigCallbackPairs={Array []}
      windowSize={21}
    >
      <View>
        <View
          style={null}
        >
          <View
            accessibilityLabel="foo"
            accessibilityRole="button"
            accessible={true}
            focusable={true}
            nativeBackgroundAndroid={
              Object {
                "borderless": false,
                "color": null,
                "rippleRadius": undefined,
                "type": "RippleAndroid",
              }
            }
            onClick={[Function]}
            onResponderGrant={[Function]}
            onResponderMove={[Function]}
            onResponderRelease={[Function]}
            onResponderTerminate={[Function]}
            onResponderTerminationRequest={[Function]}
            onStartShouldSetResponder={[Function]}
            style={
              Object {
                "padding": 16,
              }
            }
          >
            <Text
              allowFontScaling={false}
              style={
                Array [
                  Object {
                    "color": "rgb(17, 18, 54)",
                    "fontFamily": "sans-serif",
                    "fontSize": 16,
                    "fontWeight": "400",
                    "letterSpacing": -0.2,
                    "textAlign": "left",
                  },
                  Object {},
                  Object {
                    "color": "rgb(7, 112, 227)",
                  },
                ]
              }
            >
              foo
            </Text>
          </View>
        </View>
        <View
          style={null}
        >
          <View
            accessibilityLabel="bar"
            accessibilityRole="button"
            accessible={true}
            focusable={true}
            nativeBackgroundAndroid={
              Object {
                "borderless": false,
                "color": null,
                "rippleRadius": undefined,
                "type": "RippleAndroid",
              }
            }
            onClick={[Function]}
            onResponderGrant={[Function]}
            onResponderMove={[Function]}
            onResponderRelease={[Function]}
            onResponderTerminate={[Function]}
            onResponderTerminationRequest={[Function]}
            onStartShouldSetResponder={[Function]}
            style={
              Object {
                "padding": 16,
              }
            }
          >
            <Text
              allowFontScaling={false}
              style={
                Array [
                  Object {
                    "color": "rgb(17, 18, 54)",
                    "fontFamily": "sans-serif",
                    "fontSize": 16,
                    "fontWeight": "400",
                    "letterSpacing": -0.2,
                    "textAlign": "left",
                  },
                  Object {},
                  Object {},
                ]
              }
            >
              bar
            </Text>
          </View>
        </View>
      </View>
    </RCTScrollView>
  </View>
</Modal>
`;
