// Jest Snapshot v1, https://goo.gl/fbAQLP

exports[`iOS BpkFlatListItemSeparator should render correctly 1`] = `
<View
  style={
    Object {
      "backgroundColor": "rgb(221, 221, 229)",
      "flex": 1,
      "height": 1,
      "marginLeft": 16,
    }
  }
/>
`;
